MemTotal:        1548592 kB
MemFree:          384444 kB
MemAvailable:    1039340 kB
Buffers:           39964 kB
Cached:           670572 kB
SwapCached:            0 kB
Active:           777304 kB
Inactive:         255340 kB
Active(anon):     324236 kB
Inactive(anon):     1672 kB
Active(file):     453068 kB
Inactive(file):   253668 kB
Unevictable:         280 kB
Mlocked:             280 kB
HighTotal:        704344 kB
HighFree:          92268 kB
LowTotal:         844248 kB
LowFree:          292176 kB
SwapTotal:             0 kB
SwapFree:              0 kB
Dirty:               144 kB
Writeback:             0 kB
AnonPages:        322492 kB
Mapped:           406084 kB
Shmem:              3776 kB
Slab:              40904 kB
SReclaimable:      16396 kB
SUnreclaim:        24508 kB
KernelStack:        6656 kB
PageTables:        10412 kB
NFS_Unstable:          0 kB
Bounce:                0 kB
WritebackTmp:          0 kB
CommitLimit:      774296 kB
Committed_AS:   24728944 kB
VmallocTotal:     122880 kB
VmallocUsed:       84012 kB
VmallocChunk:       5124 kB
HugePages_Total:       0
HugePages_Free:        0
HugePages_Rsvd:        0
HugePages_Surp:        0
Hugepagesize:       4096 kB
DirectMap4k:       16376 kB
DirectMap4M:      851968 kB

